13:56:18 **** Auto Build of configuration Debug for project hardware_accelerated_des ****
make pre-build main-build 
a9-linaro-pre-build-step
 
Building file: ../src/helloworld.c
Invoking: ARM v7 gcc compiler
arm-none-eabi-gcc -Wall -O0 -g3 -c -fmessage-length=0 -MT"src/helloworld.o" -mcpu=cortex-a9 -mfpu=vfpv3 -mfloat-abi=hard -I../../hardware_accelerated_des_bsp/ps7_cortexa9_0/include -MMD -MP -MF"src/helloworld.d" -MT"src/helloworld.o" -o "src/helloworld.o" "../src/helloworld.c"
../src/helloworld.c: In function 'main':
../src/helloworld.c:76:9: warning: unused variable 'enc_data_lsb' [-Wunused-variable]
     u32 enc_data_lsb;
         ^~~~~~~~~~~~
../src/helloworld.c:75:9: warning: unused variable 'enc_data_msb' [-Wunused-variable]
     u32 enc_data_msb;
         ^~~~~~~~~~~~
Finished building: ../src/helloworld.c
 
Building target: hardware_accelerated_des.elf
Invoking: ARM v7 gcc linker
arm-none-eabi-gcc -mcpu=cortex-a9 -mfpu=vfpv3 -mfloat-abi=hard -Wl,-build-id=none -specs=Xilinx.spec -Wl,-T -Wl,../src/lscript.ld -L../../hardware_accelerated_des_bsp/ps7_cortexa9_0/lib -o "hardware_accelerated_des.elf"  ./src/helloworld.o ./src/platform.o   -Wl,--start-group,-lxil,-lgcc,-lc,--end-group
Finished building target: hardware_accelerated_des.elf
 
Invoking: ARM v7 Print Size
arm-none-eabi-size hardware_accelerated_des.elf  |tee "hardware_accelerated_des.elf.size"
   text	   data	    bss	    dec	    hex	filename
  19528	   1144	  22568	  43240	   a8e8	hardware_accelerated_des.elf
Finished building: hardware_accelerated_des.elf.size
 

13:56:18 Build Finished (took 564ms)

