17:13:20 **** Auto Build of configuration Debug for project test_des ****
make pre-build main-build 
a9-linaro-pre-build-step
 
Building file: ../src/main.cc
Invoking: ARM v7 g++ compiler
arm-none-eabi-g++ -Wall -O0 -g3 -c -fmessage-length=0 -MT"src/main.o" -mcpu=cortex-a9 -mfpu=vfpv3 -mfloat-abi=hard -I../../test_des_bsp/ps7_cortexa9_0/include -MMD -MP -MF"src/main.d" -MT"src/main.o" -o "src/main.o" "../src/main.cc"
In file included from ../src/main.cc:7:0:
../../test_des_bsp/ps7_cortexa9_0/include/xtime_l.h:87:70: note: #pragma message: For the sleep routines, Global timer is being used
 #pragma message ("For the sleep routines, Global timer is being used")
                                                                      ^
../src/main.cc: In function 'XStatus DES_ENCRYPTION_Reg_SelfTest(void*)':
../src/main.cc:48:63: warning: comparison between signed and unsigned integer expressions [-Wsign-compare]
    if ( DES_ENCRYPTION_mReadReg (baseaddr, read_loop_index*4) != (read_loop_index+1)*READ_WRITE_MUL_FACTOR){
../src/main.cc:32:6: warning: unused variable 'Index' [-Wunused-variable]
  int Index;
      ^~~~~
../src/main.cc: In function 'void runPLversion(std::__cxx11::string, std::__cxx11::string)':
../src/main.cc:332:7: warning: unused variable 'baseaddr_p' [-Wunused-variable]
  u32 *baseaddr_p = (u32 *)XPAR_DES_ENCRYPTION_0_S00_AXI_BASEADDR;
       ^~~~~~~~~~
../src/main.cc: In function 'int main()':
../src/main.cc:387:19: warning: comparison between signed and unsigned integer expressions [-Wsign-compare]
  for(int i = 0; i < rounds; i++){
                 ~~^~~~~~~~
../src/main.cc:427:19: warning: comparison between signed and unsigned integer expressions [-Wsign-compare]
  for(int i = 0; i < rounds; i++){
                 ~~^~~~~~~~
Finished building: ../src/main.cc
 
Building target: test_des.elf
Invoking: ARM v7 g++ linker
arm-none-eabi-g++ -mcpu=cortex-a9 -mfpu=vfpv3 -mfloat-abi=hard -Wl,-build-id=none -specs=Xilinx.spec -Wl,-T -Wl,../src/lscript.ld -L../../test_des_bsp/ps7_cortexa9_0/lib -o "test_des.elf"  ./src/main.o   -Wl,--start-group,-lxil,-lgcc,-lc,-lstdc++,--end-group
Finished building target: test_des.elf
 
Invoking: ARM v7 Print Size
arm-none-eabi-size test_des.elf  |tee "test_des.elf.size"
   text	   data	    bss	    dec	    hex	filename
 784096	   2832	  30444	 817372	  c78dc	test_des.elf
Finished building: test_des.elf.size
 

17:13:22 Build Finished (took 1s.321ms)

